// Jest Snapshot v1, https://goo.gl/fbAQLP

exports[`Games spec should match snapshot for available games 1`] = `
<ContextProvider
  value={
    Object {
      "store": Object {
        "clearActions": [Function],
        "dispatch": [Function],
        "getActions": [Function],
        "getState": [Function],
        "replaceReducer": [Function],
        "subscribe": [Function],
      },
      "subscription": Subscription {
        "handleChangeWrapper": [Function],
        "listeners": Object {
          "notify": [Function],
        },
        "onStateChange": [Function],
        "parentSub": undefined,
        "store": Object {
          "clearActions": [Function],
          "dispatch": [Function],
          "getActions": [Function],
          "getState": [Function],
          "replaceReducer": [Function],
          "subscribe": [Function],
        },
        "unsubscribe": null,
      },
    }
  }
>
  <Game
    game={
      Object {
        "avatar": "CallOfDuty.jpeg",
        "description": "Lorem ipsum dolor sit amet",
        "rating": 0,
        "title": "Game",
        "uuid": "someGame",
      }
    }
  />
</ContextProvider>
`;
